exports[`Talk renders correctly 1`] = `
<View
  style={
    Array [
      Object {
        "flex": 1,
      },
      undefined,
    ]
  }>
  <View
    style={
      Object {
        "height": 1270,
        "position": "absolute",
        "top": 64,
        "transform": Array [
          Object {
            "translateY": 0,
          },
        ],
        "width": 750,
      }
    }>
    <RCTScrollView
      onScroll={[Function]}
      scrollEventThrottle={90}
      style={
        Object {
          "flex": 1,
        }
      }>
      <View>
        <View
          onLayout={[Function]}
          style={
            Object {
              "alignItems": "center",
              "backgroundColor": "white",
              "borderBottomColor": "#CCC",
              "borderBottomWidth": 0.5,
              "borderTopColor": "#CCC",
              "borderTopWidth": 0.5,
              "marginTop": -0.5,
              "paddingBottom": 32,
              "paddingHorizontal": 24,
              "paddingTop": 32,
            }
          }>
          <View
            accessibilityComponentType={undefined}
            accessibilityLabel={undefined}
            accessibilityTraits={undefined}
            accessible={true}
            hitSlop={undefined}
            isTVSelectable={true}
            onLayout={undefined}
            onResponderGrant={[Function]}
            onResponderMove={[Function]}
            onResponderRelease={[Function]}
            onResponderTerminate={[Function]}
            onResponderTerminationRequest={[Function]}
            onStartShouldSetResponder={[Function]}
            style={
              Object {
                "opacity": 1,
              }
            }
            testID={undefined}
            tvParallaxProperties={undefined}>
            <View
              style={
                Object {
                  "alignItems": "center",
                  "paddingHorizontal": 32,
                }
              }>
              <View
                style={
                  Array [
                    Object {
                      "backgroundColor": "#F4F4F4",
                      "borderRadius": 44,
                      "height": 44,
                      "overflow": "hidden",
                      "width": 44,
                    },
                    undefined,
                  ]
                }>
                <Image
                  source={
                    Object {
                      "uri": "",
                    }
                  }
                  style={
                    Object {
                      "borderRadius": 0,
                      "height": 44,
                      "width": 44,
                    }
                  } />
              </View>
              <Text
                accessible={true}
                allowFontScaling={true}
                ellipsizeMode="tail"
                style={
                  Object {
                    "color": "#00A8D8",
                    "fontSize": 17,
                    "fontWeight": "500",
                    "marginTop": 14,
                  }
                }>
                
              </Text>
              <Text
                accessible={true}
                allowFontScaling={true}
                ellipsizeMode="tail"
                style={
                  Object {
                    "color": "#999",
                    "fontSize": 12,
                    "paddingBottom": 24,
                  }
                }>
                (tap for more)
              </Text>
            </View>
          </View>
          <Text
            accessible={true}
            allowFontScaling={true}
            ellipsizeMode="tail"
            style={
              Object {
                "fontSize": 24,
                "fontWeight": "300",
                "textAlign": "center",
              }
            }>
            
          </Text>
        </View>
        <View
          style={
            Object {
              "paddingBottom": 40,
            }
          }>
          <Text
            accessible={true}
            allowFontScaling={true}
            ellipsizeMode="tail"
            style={
              Object {
                "fontSize": 17,
                "fontWeight": "300",
                "lineHeight": 24,
                "padding": 24,
              }
            }>
            
          </Text>
        </View>
      </View>
    </RCTScrollView>
  </View>
  <View>
    <View
      style={
        Object {
          "height": 64,
        }
      } />
    <View
      style={
        Array [
          Object {
            "alignItems": "stretch",
            "borderBottomColor": "#CCC",
            "borderBottomWidth": 0.5,
            "flexDirection": "row",
            "height": 64,
            "justifyContent": "space-between",
            "overflow": "hidden",
            "paddingTop": 20,
            "position": "absolute",
            "width": 750,
          },
          Object {
            "backgroundColor": "white",
          },
        ]
      }>
      <View
        style={
          Object {
            "alignItems": "center",
            "flex": 3,
            "flexDirection": "row",
            "paddingHorizontal": 17,
          }
        } />
      <View
        style={
          Object {
            "alignItems": "center",
            "flex": 4,
            "justifyContent": "center",
          }
        }>
        <Text
          accessible={true}
          allowFontScaling={true}
          ellipsizeMode="tail"
          style={
            Array [
              Object {
                "color": "white",
                "fontSize": 17,
                "fontWeight": "500",
              },
              Object {
                "color": "#383838",
              },
            ]
          }>
          8:00am
        </Text>
      </View>
      <View
        accessibilityComponentType={undefined}
        accessibilityLabel={undefined}
        accessibilityTraits={undefined}
        accessible={true}
        hitSlop={undefined}
        isTVSelectable={true}
        onLayout={undefined}
        onResponderGrant={[Function]}
        onResponderMove={[Function]}
        onResponderRelease={[Function]}
        onResponderTerminate={[Function]}
        onResponderTerminationRequest={[Function]}
        onStartShouldSetResponder={[Function]}
        style={
          Object {
            "alignItems": "center",
            "flex": 3,
            "flexDirection": "row",
            "justifyContent": "flex-end",
            "opacity": 1,
            "paddingHorizontal": 17,
          }
        }
        testID={undefined}
        tvParallaxProperties={undefined}>
        <Text
          accessible={true}
          allowFontScaling={true}
          ellipsizeMode="tail"
          style={
            Array [
              Object {
                "color": "#00A8D8",
                "fontSize": 17,
              },
              Object {
                "opacity": 1,
              },
            ]
          }>
          Share
        </Text>
      </View>
    </View>
  </View>
</View>
`;
